// Jest Snapshot v1, https://goo.gl/fbAQLP

exports[`<Info /> renders 1`] = `
<_
  className="row undefined"
  name="info"
>
  <div
    className="undefined"
  >
    <div
      className="hidden-xs-up col-lg-6 col-md-12 undefined"
    >
      <div>
        <PreloadImage
          alt="mobile"
          image={
            Object {
              "height": 0,
              "placeholder": "",
              "src": "",
              "srcSet": "",
              "width": 0,
            }
          }
        />
        <PreloadImage
          alt="mobile"
          image={
            Object {
              "height": 0,
              "placeholder": "",
              "src": "",
              "srcSet": "",
              "width": 0,
            }
          }
        />
      </div>
    </div>
    <div
      className="col-lg-6 col-md-12 undefined"
    >
      <FormattedMessage
        defaultMessage="WHY EQUILAB?"
        id="Info.what"
        values={Object {}}
      />
      <p>
        <FormattedMessage
          defaultMessage="TOTAL CONTROL"
          id="Info.what_sub"
          values={Object {}}
        />
      </p>
      <p>
        <FormattedMessage
          defaultMessage="Automatically collect information about your training by turning on Equilab and keeping the phone in your pocket while riding. Afterwards you can analyze your training by looking at your performance, energy consumption, gait distrubution, intensity jumps, intensity,stride, beat, pace, distance, speed,surface hardness, nr of jumps, etc...."
          id="Info.what_info"
          values={Object {}}
        />
      </p>
      <button
        className="btn undefined"
        type="button"
      >
        <FormattedMessage
          defaultMessage="Sign up!"
          id="Info.sign_up"
          values={Object {}}
        />
      </button>
    </div>
  </div>
</_>
`;
